// Jest Snapshot v1, https://goo.gl/fbAQLP

exports[`NewsFeed test after load 1`] = `
"<Fragment>
  <div className=\\"categoryFeed\\">
    <Row />
  </div>
</Fragment>"
`;

exports[`NewsFeed test initially 1`] = `
"<Fragment>
  <div className=\\"categoryFeed\\">
    <Row />
  </div>
</Fragment>"
`;
